[1/4] downloading micromamba...
-rw-r--r-- 1 premn premn 6988090 Aug 11 09:08 /tmp/micromamba.tar.bz2
extracted -> /home/premn/bin/micromamba
micromamba: 2.9.0
[2/4] creating env 'plasmid' (flye, minimap2, seqkit, rasusa, python 3.11)...
Fetch Shard Index for conda-forge/linux-64                                                      ⧖ Starting
Fetch Shard Index for conda-forge/linux-64                                                ✔ Done (1.7 sec)
Fetch Shard Index for conda-forge/noarch                                                        ⧖ Starting
Fetch Shard Index for conda-forge/noarch                                                  ✔ Done (3.0 sec)
Fetching and Parsing Packages' Shards                                                           ⧖ Starting
Fetching and Parsing Packages' Shards                                                    ✔ Done (13.3 sec)
Fetch Shard Index for bioconda/linux-64                                                         ⧖ Starting
Fetch Shard Index for bioconda/linux-64                                                   ✔ Done (0.8 sec)
Fetch Shard Index for bioconda/noarch                                                           ⧖ Starting
Fetch Shard Index for bioconda/noarch                                                     ✔ Done (1.0 sec)
Fetching and Parsing Packages' Shards                                                           ⧖ Starting
Fetching and Parsing Packages' Shards                                                     ✔ Done (0.7 sec)
Using Cached Shard Index for bioconda/noarch                                                        ✔ Done
Using Cached Shard Index for bioconda/linux-64                                                      ✔ Done
Fetching and Parsing Packages' Shards                                                           ⧖ Starting
Fetching and Parsing Packages' Shards                                                     ✔ Done (0.0 sec)
Using Flat Repodata for bioconda/noarch                                                         ✔ Starting
Using Flat Repodata for bioconda/noarch                                                   ✔ Done (0.5 sec)
Using Cached Shard Index for conda-forge/linux-64                                                   ✔ Done
Using Cached Shard Index for conda-forge/noarch                                                     ✔ Done
Fetching and Parsing Packages' Shards                                                           ⧖ Starting
Fetching and Parsing Packages' Shards                                                     ✔ Done (0.3 sec)
Using Cached Shard Index for bioconda/linux-64                                                      ✔ Done
Using Cached Shard Index for bioconda/noarch                                                        ✔ Done
Fetching and Parsing Packages' Shards                                                           ⧖ Starting
Fetching and Parsing Packages' Shards                                                     ✔ Done (0.0 sec)
Using Cached Shard Index for bioconda/noarch                                                        ✔ Done
Using Cached Shard Index for bioconda/linux-64                                                      ✔ Done
Fetching and Parsing Packages' Shards                                                           ⧖ Starting
Fetching and Parsing Packages' Shards                                                     ✔ Done (0.0 sec)
Using Flat Repodata for bioconda/noarch                                                         ✔ Starting
Using Flat Repodata for bioconda/noarch                                                   ✔ Done (0.4 sec)
Parsing Packages' Records                                                                 ✔ Done (1.3 sec)

Resolving Environment                                                                           ⧖ Starting
Resolving Environment                                                                     ✔ Done (0.1 sec)

Transaction

  Prefix: /home/premn/micromamba/envs/plasmid

  Updating specs:

   - python=3.11
   - flye
   - minimap2
   - seqkit
   - rasusa
   - pip


  Package                      Version  Build                 Channel          Size
─────────────────────────────────────────────────────────────────────────────────────
  Install:
─────────────────────────────────────────────────────────────────────────────────────

  + _openmp_mutex                  4.5  20_gnu                conda-forge      29kB
  + bzip2                        1.0.8  hda65f42_10           conda-forge     258kB
  + ca-certificates          2026.7.22  hbd8a1cb_0            conda-forge     132kB
  + flye                         2.9.6  py311h93bbee8_1       bioconda         34MB
  + icu                           78.3  h54a6638_2            conda-forge      14MB
  + k8                             1.2  he8db53b_6            bioconda          8MB
  + kernel-headers_linux-64     6.12.0  he073ed8_6            conda-forge       2MB
  + ld_impl_linux-64            2.46.1  default_hbd61a6d_102  conda-forge     745kB
  + libexpat                     2.8.1  hecca717_1            conda-forge      78kB
  + libffi                       3.5.2  h3435931_0            conda-forge      59kB
  + libgcc                      16.1.0  ha9f2e26_1            conda-forge       1MB
  + libgomp                     16.1.0  he0feb66_1            conda-forge     640kB
  + liblzma                      5.8.3  hb03c661_1            conda-forge     113kB
  + libnsl                       2.0.1  hb9d3cd8_1            conda-forge      34kB
  + libsqlite                   3.53.4  hf4e2dac_0            conda-forge     964kB
  + libstdcxx                   16.1.0  h934c35e_1            conda-forge       7MB
  + libuuid                     2.42.2  h5347b49_0            conda-forge      40kB
  + libxcrypt                   4.4.38  h280c20c_0            conda-forge     102kB
  + libzlib                      1.3.2  h25fd6f3_3            conda-forge      64kB
  + minimap2                      2.31  h118bc1c_0            bioconda          1MB
  + ncurses                        6.6  hdb14827_1            conda-forge     911kB
  + openssl                      3.6.3  h35e630c_1            conda-forge       3MB
  + packaging                     26.3  pyhc364b38_0          conda-forge     116kB
  + pip                         26.2.1  pyh8b19718_0          conda-forge       1MB
  + python                     3.11.15  h7508c33_1_cpython    conda-forge      31MB
  + python_abi                    3.11  8_cp311               conda-forge       7kB
  + rasusa                       5.1.0  hfa8f182_0            bioconda          2MB
  + readline                       8.3  h853b02a_0            conda-forge     345kB
  + seqkit                      2.13.0  he881be0_0            bioconda          7MB
  + setuptools                  84.0.0  pyh332efcf_0          conda-forge     524kB
  + sysroot_linux-64              2.39  hc4b9eeb_6            conda-forge      42MB
  + tk                          8.6.13  noxft_hd70dff1_3      conda-forge       4MB
  + tzdata                       2026c  h151e31d_0            conda-forge     119kB
  + wheel                       0.47.0  pyhd8ed1ab_0          conda-forge      33kB
  + zstd                         1.5.7  hb78ec9c_6            conda-forge     601kB

  Summary:

  Install: 35 packages

  Total download: 162MB

─────────────────────────────────────────────────────────────────────────────────────


wsl : warning  libmamba Security Warning: This transaction includes executing package scripts (pre/post-link/unlink) 
if present. These scripts can contain arbitrary code. Please ensure you trust the package sources.
At line:1 char:302
+ ... tch {} } }; wsl -d Ubuntu -- bash /mnt/d/DNA-Sequencing/work/scripts/ ...
+                 ~~~~~~~~~~~~~~~~~~~~~~~~~~~~~~~~~~~~~~~~~~~~~~~~~~~~~~~~~
    + CategoryInfo          : NotSpecified: (warning  libmam...ackage sources.:String) [], RemoteException
    + FullyQualifiedErrorId : NativeCommandError
 

Transaction starting
Linking seqkit-2.13.0-he881be0_0
Linking python_abi-3.11-8_cp311
Linking tzdata-2026c-h151e31d_0
Linking kernel-headers_linux-64-6.12.0-he073ed8_6
Linking ca-certificates-2026.7.22-hbd8a1cb_0
Linking sysroot_linux-64-2.39-hc4b9eeb_6
Linking libzlib-1.3.2-h25fd6f3_3
Linking libgomp-16.1.0-he0feb66_1
Linking zstd-1.5.7-hb78ec9c_6
Linking _openmp_mutex-4.5-20_gnu
Linking ld_impl_linux-64-2.46.1-default_hbd61a6d_102
Linking libgcc-16.1.0-ha9f2e26_1
Linking libffi-3.5.2-h3435931_0
Linking tk-8.6.13-noxft_hd70dff1_3
Linking bzip2-1.0.8-hda65f42_10
Linking libnsl-2.0.1-hb9d3cd8_1
Linking libexpat-2.8.1-hecca717_1
Linking libuuid-2.42.2-h5347b49_0
Linking openssl-3.6.3-h35e630c_1
Linking libxcrypt-4.4.38-h280c20c_0
Linking liblzma-5.8.3-hb03c661_1
Linking ncurses-6.6-hdb14827_1
Linking libstdcxx-16.1.0-h934c35e_1
Linking readline-8.3-h853b02a_0
Linking icu-78.3-h54a6638_2
Linking libsqlite-3.53.4-hf4e2dac_0
Linking python-3.11.15-h7508c33_1_cpython
Linking rasusa-5.1.0-hfa8f182_0
Linking k8-1.2-he8db53b_6
Linking flye-2.9.6-py311h93bbee8_1
Linking minimap2-2.31-h118bc1c_0
Linking packaging-26.3-pyhc364b38_0
Linking setuptools-84.0.0-pyh332efcf_0
Linking wheel-0.47.0-pyhd8ed1ab_0
Linking pip-26.2.1-pyh8b19718_0

Transaction finished


To activate this environment, use:

    micromamba activate plasmid

Or to execute a single command in this environment, use:

    micromamba run -n plasmid mycommand

[3/4] installing Badread (pip, into env)...
ERROR: Could not find a version that satisfies the requirement badread (from versions: none)
ERROR: No matching distribution found for badread
