[sim02_rap_d15] ok 378s 149M
[sim02_lig_d15] ok 383s 149M
[sim01_lig_d15] ok 497s 141M
[sim01_rap_d15] ok 499s 141M
[sim02_rap_d30] ok 755s 297M
[sim02_lig_d30] ok 766s 297M
[sim03_lig_d15] ok 500s 144M
[sim01_rap_d30] ok 978s 281M
[sim01_lig_d30] ok 994s 281M
[sim03_rap_d15] ok 499s 144M
[sim04_lig_d15] ok 399s 156M
[sim04_rap_d15] ok 397s 156M
[sim03_lig_d30] ok 998s 287M
[sim03_rap_d30] ok 1007s 287M
[sim05_lig_d15] ok 523s 150M
[sim04_lig_d30] ok 797s 311M
[sim04_rap_d30] ok 798s 311M
[sim06_lig_d15] ok 385s 150M
[sim05_rap_d15] ok 523s 150M
[sim06_rap_d15] ok 381s 150M
[sim05_lig_d30] ok 1050s 300M
[sim06_lig_d30] ok 774s 300M
[sim05_rap_d30] ok 1045s 300M
[sim06_rap_d30] ok 768s 300M
[sim07_lig_d15] ok 566s 163M
[sim07_rap_d15] ok 572s 163M
[sim08_lig_d15] ok 373s 145M
[sim08_rap_d15] ok 372s 145M
[sim08_lig_d30] ok 727s 289M
[sim07_lig_d30] ok 1134s 326M
[sim08_rap_d30] ok 737s 289M
[sim09_lig_d15] ok 529s 151M
[sim07_rap_d30] ok 1150s 326M
[sim10_lig_d15] ok 362s 141M
[sim09_rap_d15] ok 525s 151M
[sim10_rap_d15] ok 387s 141M
[sim10_lig_d30] ok 766s 281M
[sim09_lig_d30] ok 1098s 301M
[sim09_rap_d30] ok 1126s 301M
[sim10_rap_d30] ok 800s 281M
[sim11_lig_d15] ok 568s 141M
[sim11_rap_d15] ok 518s 141M
[sim12_lig_d15] ok 388s 148M
[sim11_lig_d30] ok 1023s 282M
[sim12_rap_d15] ok 339s 148M
[sim11_rap_d30] ok 987s 282M
[sim12_lig_d30] ok 683s 295M
[sim12_rap_d30] ok 629s 295M
PHASE A COMPLETE
read sets: 46
10G
