=== pass 1 : graphs=5  read_sets_left=44  15:38:53 ===
  clearing partial flye dir: sim02_lig_d15
  clearing partial flye dir: sim03_lig_d15
[sim02_lig_d15] ok 149s segments=28
[sim02_lig_d30] ok 239s segments=21
[sim02_rap_d15] ok 140s segments=10
[sim02_rap_d30] ok 255s segments=19
[sim03_lig_d15] ok 66s segments=37
[sim03_lig_d30] ok 94s segments=30
[sim03_rap_d15] ok 56s segments=36
[sim03_rap_d30] ok 111s segments=38
[sim04_lig_d15] ok 170s segments=29
[sim04_lig_d30] ok 240s segments=34
[sim04_rap_d15] ok 128s segments=20
[sim04_rap_d30] ok 204s segments=23
[sim05_lig_d15] ok 60s segments=23
[sim05_lig_d30] ok 118s segments=22
[sim05_rap_d15] ok 60s segments=26
[sim05_rap_d30] ok 102s segments=25
[sim06_lig_d15] ok 123s segments=26
[sim06_lig_d30] ok 207s segments=26
[sim06_rap_d15] ok 113s segments=20
[sim06_rap_d30] ok 196s segments=19
[sim07_lig_d15] ok 77s segments=18
[sim07_lig_d30] ok 102s segments=12
[sim07_rap_d15] ok 63s segments=13
[sim07_rap_d30] ok 106s segments=10
[sim08_lig_d15] ok 139s segments=5
[sim08_lig_d30] ok 207s segments=5
[sim08_rap_d15] ok 108s segments=4
[sim08_rap_d30] ok 204s segments=4
[sim09_lig_d15] ok 59s segments=15
[sim09_lig_d30] ok 110s segments=18
[sim09_rap_d15] ok 65s segments=12
[sim09_rap_d30] ok 103s segments=11
[sim10_lig_d15] ok 132s segments=6
[sim10_lig_d30] ok 217s segments=6
[sim10_rap_d15] ok 110s segments=7
[sim10_rap_d30] ok 205s segments=6
[sim11_lig_d15] ok 51s segments=14
[sim11_lig_d30] ok 93s segments=9
[sim11_rap_d15] ok 53s segments=14
[sim11_rap_d30] ok 97s segments=10
[sim12_lig_d15] ok 167s segments=33
[sim12_lig_d30] ok 246s segments=27
[sim12_rap_d15] ok 124s segments=28
[sim12_rap_d30] ok 236s segments=31
PHASE B COMPLETE graphs=49
=== pass 1 done : graphs 5 -> 49 ===
=== pass 2 : graphs=49  read_sets_left=0  17:17:39 ===
no read sets left to assemble
ASSEMBLY DRIVER FINISHED graphs=49 read_sets_left=0 17:17:40
