[2026-08-11 09:46:10] INFO: Starting Flye 2.9.6-b1802
[2026-08-11 09:46:10] INFO: >>>STAGE: configure
[2026-08-11 09:46:10] INFO: Configuring run
[2026-08-11 09:46:11] INFO: Total read length: 242702021
[2026-08-11 09:46:11] INFO: Reads N50/N90: 22681 / 7984
[2026-08-11 09:46:11] INFO: Minimum overlap set to 8000
[2026-08-11 09:46:11] INFO: >>>STAGE: assembly
[2026-08-11 09:46:11] INFO: Assembling disjointigs
[2026-08-11 09:46:11] INFO: Reading sequences
[2026-08-11 09:46:12] INFO: Building minimizer index
[2026-08-11 09:46:12] INFO: Pre-calculating index storage
0% 10% 20% 30% 40% 50% 60% 70% 80% 90% 100% 
[2026-08-11 09:46:16] INFO: Filling index
0% 10% 20% 30% 40% 50% 60% 70% 80% 90% 100% 
[2026-08-11 09:46:35] INFO: Extending reads
[2026-08-11 09:49:09] INFO: Overlap-based coverage: 34
[2026-08-11 09:49:09] INFO: Median overlap divergence: 0.0854037
0% 80% 100% 
[2026-08-11 09:51:55] INFO: Assembled 2 disjointigs
[2026-08-11 09:51:56] INFO: Generating sequence
0% 10% 20% 30% 40% 50% 60% 70% 80% 90% 100% 
[2026-08-11 09:51:57] INFO: Filtering contained disjointigs
0% 50% 100% 
[2026-08-11 09:51:58] INFO: Contained seqs: 0
[2026-08-11 09:51:59] INFO: >>>STAGE: consensus
[2026-08-11 09:51:59] INFO: Running Minimap2
[2026-08-11 09:52:19] INFO: Computing consensus
[2026-08-11 09:53:07] INFO: Alignment error rate: 0.091912
[2026-08-11 09:53:07] INFO: >>>STAGE: repeat
[2026-08-11 09:53:07] INFO: Building and resolving repeat graph
[2026-08-11 09:53:07] INFO: Parsing disjointigs
[2026-08-11 09:53:07] INFO: Building repeat graph
0% 50% 100% 
[2026-08-11 09:53:09] INFO: Median overlap divergence: 0.0374823
[2026-08-11 09:53:09] INFO: Parsing reads
[2026-08-11 09:53:11] INFO: Aligning reads to the graph
0% 10% 20% 30% 40% 50% 60% 70% 80% 90% 100% 
[2026-08-11 09:53:21] INFO: Aligned read sequence: 203109765 / 218312490 (0.930363)
[2026-08-11 09:53:21] INFO: Median overlap divergence: 0.0457256
[2026-08-11 09:53:21] INFO: Mean edge coverage: 42
[2026-08-11 09:53:21] INFO: Simplifying the graph
[2026-08-11 09:53:22] INFO: >>>STAGE: contigger
[2026-08-11 09:53:22] INFO: Generating contigs
[2026-08-11 09:53:22] INFO: Reading sequences
[2026-08-11 09:53:22] INFO: Generated 2 contigs
[2026-08-11 09:53:22] INFO: Added 0 scaffold connections
[2026-08-11 09:53:22] INFO: >>>STAGE: polishing
[2026-08-11 09:53:22] INFO: Polishing genome (1/1)
[2026-08-11 09:53:22] INFO: Running minimap2
[2026-08-11 09:53:34] INFO: Separating alignment into bubbles
[2026-08-11 09:54:23] INFO: Alignment error rate: 0.054447
[2026-08-11 09:54:23] INFO: Correcting bubbles
0% 10% 20% 30% 40% 50% 60% 70% 80% 90% 100% 
[2026-08-11 09:54:52] INFO: >>>STAGE: finalize
[2026-08-11 09:54:52] INFO: Assembly statistics:

	Total length:	4843517
	Fragments:	2
	Fragments N50:	4758623
	Largest frg:	4758623
	Scaffolds:	0
	Mean coverage:	49

[2026-08-11 09:54:52] INFO: Final assembly: /home/premn/scratch/sim01_d50/flye/assembly.fasta
